Archive member included to satisfy reference by file (symbol)

c:/tp1_rv32e/tools/xpack-risc_v/bin/../lib/gcc/riscv-none-elf/12.2.0/rv32e/ilp32e\libgcc.a(div.o)
                              C:\Users\TP1-2\AppData\Local\Temp\ccBmLwNw.o (__udivsi3)

Memory Configuration

Name             Origin             Length             Attributes
RONLY            0x0000000000000000 0x0000000000001c00 xr
RAM              0x0000000000001c00 0x0000000000000400 xrw
*default*        0x0000000000000000 0xffffffffffffffff

Linker script and memory map


.text           0x0000000000000000      0xcbc
                0x0000000000000000                . = ALIGN (0x4)
 *(.boot)
 .boot          0x0000000000000000        0x4 C:\Users\TP1-2\AppData\Local\Temp\ccylgb2g.o
 *(.text)
 .text          0x0000000000000004       0xd0 C:\Users\TP1-2\AppData\Local\Temp\ccylgb2g.o
                0x00000000000000c7                delay_loop
 .text          0x00000000000000d4      0x7ac C:\Users\TP1-2\AppData\Local\Temp\ccBmLwNw.o
                0x00000000000000d4                irq2_handler
                0x0000000000000138                irq3_handler
                0x0000000000000188                _putch
                0x0000000000000660                _puts
                0x0000000000000694                _printf
                0x00000000000006d0                _sprintf
                0x0000000000000708                _getch
                0x000000000000074c                haschar
                0x0000000000000768                getMEPC
                0x0000000000000774                irq1_handler
                0x00000000000007e4                spixfer
                0x0000000000000804                getw
                0x0000000000000858                _memcpy
 .text          0x0000000000000880       0xb4 c:/tp1_rv32e/tools/xpack-risc_v/bin/../lib/gcc/riscv-none-elf/12.2.0/rv32e/ilp32e\libgcc.a(div.o)
                0x0000000000000880                __divsi3
                0x0000000000000888                __udivsi3
                0x0000000000000888                __hidden___udivsi3
                0x00000000000008d0                __umodsi3
                0x0000000000000904                __modsi3
 *(.text*)
 .text.startup  0x0000000000000934      0x18c C:\Users\TP1-2\AppData\Local\Temp\ccBmLwNw.o
                0x0000000000000934                main
 *(.rodata)
 *(.rodata*)
 .rodata.str1.4
                0x0000000000000ac0      0x1fc C:\Users\TP1-2\AppData\Local\Temp\ccBmLwNw.o
 *(.srodata)
 *(.srodata*)
                0x0000000000000cbc                _etext = .
                0x0000000000000cbc                _sidata = _etext

.rela.dyn       0x0000000000000cbc        0x0
 .rela.text     0x0000000000000cbc        0x0 C:\Users\TP1-2\AppData\Local\Temp\ccylgb2g.o

.data           0x0000000000001c00        0x4 load address 0x0000000000000cbc
                0x0000000000001c00                . = ALIGN (0x4)
                0x0000000000000cbc                _sdata_values = LOADADDR (.data)
                0x0000000000001c00                _sdata = .
                0x0000000000001c00                _ram_start = .
                0x0000000000001c00                . = ALIGN (0x4)
 *(.data)
 .data          0x0000000000001c00        0x0 C:\Users\TP1-2\AppData\Local\Temp\ccylgb2g.o
 .data          0x0000000000001c00        0x0 C:\Users\TP1-2\AppData\Local\Temp\ccBmLwNw.o
 .data          0x0000000000001c00        0x0 c:/tp1_rv32e/tools/xpack-risc_v/bin/../lib/gcc/riscv-none-elf/12.2.0/rv32e/ilp32e\libgcc.a(div.o)
 *(.data*)
 *(.sdata)
 .sdata         0x0000000000001c00        0x1 C:\Users\TP1-2\AppData\Local\Temp\ccBmLwNw.o
 *(.sdata*)
                0x0000000000001c04                . = ALIGN (0x4)
 *fill*         0x0000000000001c01        0x3 
                0x0000000000001c04                _edata = .

.bss            0x0000000000001c04       0x24 load address 0x0000000000000cc0
                0x0000000000001c04                . = ALIGN (0x4)
                0x0000000000001c04                _sbss = .
 *(.bss)
 .bss           0x0000000000001c04        0x0 C:\Users\TP1-2\AppData\Local\Temp\ccylgb2g.o
 .bss           0x0000000000001c04       0x20 C:\Users\TP1-2\AppData\Local\Temp\ccBmLwNw.o
                0x0000000000001c04                udat
 .bss           0x0000000000001c24        0x0 c:/tp1_rv32e/tools/xpack-risc_v/bin/../lib/gcc/riscv-none-elf/12.2.0/rv32e/ilp32e\libgcc.a(div.o)
 *(.bss*)
 *(.sbss)
 .sbss          0x0000000000001c24        0x2 C:\Users\TP1-2\AppData\Local\Temp\ccBmLwNw.o
                0x0000000000001c24                wrix
                0x0000000000001c25                rdix
 *(.sbss*)
 *(COMMON)
                0x0000000000001c28                . = ALIGN (0x4)
 *fill*         0x0000000000001c26        0x2 
                0x0000000000001c28                _ebss = .

.heap           0x0000000000001c28        0x0 load address 0x0000000000000cc0
                0x0000000000001c28                . = ALIGN (0x4)
                0x0000000000001c28                _heap_start = .
LOAD C:\Users\TP1-2\AppData\Local\Temp\ccylgb2g.o
LOAD C:\Users\TP1-2\AppData\Local\Temp\ccBmLwNw.o
LOAD c:/tp1_rv32e/tools/xpack-risc_v/bin/../lib/gcc/riscv-none-elf/12.2.0/rv32e/ilp32e\libgcc.a
OUTPUT(code.elf elf32-littleriscv)

.riscv.attributes
                0x0000000000000000       0x20
 .riscv.attributes
                0x0000000000000000       0x1e C:\Users\TP1-2\AppData\Local\Temp\ccylgb2g.o
 .riscv.attributes
                0x000000000000001e       0x20 C:\Users\TP1-2\AppData\Local\Temp\ccBmLwNw.o
 .riscv.attributes
                0x000000000000003e       0x1a c:/tp1_rv32e/tools/xpack-risc_v/bin/../lib/gcc/riscv-none-elf/12.2.0/rv32e/ilp32e\libgcc.a(div.o)

.comment        0x0000000000000000       0x33
 .comment       0x0000000000000000       0x33 C:\Users\TP1-2\AppData\Local\Temp\ccBmLwNw.o
                                         0x34 (size before relaxing)
